@read1
ACCTACAGACTACCATGTATCTCCATTTACCTAGTCTAG
+
~~~~~~~~~~~~~~~~~~~~~~~~~~~~~~~~~~~~~~~
@read2
ACCTACAGACTACCATGTATCTCCATTTACCTAGTCTAG
+
~~~~~~~~~~~~~~~~~~~~~~~~~~~~~~~~~~~~~~~
@read3
ACCTACAGACTACCATGTATCTCCATTTACCTAGTCTAG
+
~~~~~~~~~~~~~~~~~~~~~~~~~~~~~~~~~~~~~~~
@read4
ACCTACAGACTACCATGTATCTCCATTTACCTAGTCTAG
+
~~~~~~~~~~~~~~~~~~~~~~~~~~~~~~~~~~~~~~~
@read5
CTAGCTTTCCACACGCTGTGTGTCACTAGTGTGACTACG
+
~~~~~~~~~~~~~~~~~~~~~~~~~~~~~~~~~~~~~~~
@read6
ACCTACAGACTACCATGTATCTCCATTTACCTAGTCTAG
+
~~~~~~~~~~~~~~~~~~~~~~~~~~~~~~~~~~~~~~~
