cca 1I3M
tcca 4M
gcca 4M
ccca 4M
aca 1M1I2M
atca 4M
atcca 1M1D3M
agca 4M
agcca 1M1D3M
aca 2M1I1M
acta 4M
actca 2M1D2M
acga 4M
acgca 2M1D2M
acc 3M1I
acct 4M
accta 3M1D1M
accg 4M
accga 3M1D1M
accc 4M
accca 3M1D1M
acca 4M
accaa 3M1D1M
accca 2M1D2M
acaa 4M
acaca 2M1D2M
accca 1M1D3M
aaca 4M
aacca 1M1D3M
